

================================================================
== Vivado HLS Report for 'dft'
================================================================
* Date:           Sun Feb 16 00:09:38 2020

* Version:        2019.1 (Build 2552052 on Fri May 24 15:28:33 MDT 2019)
* Project:        hls
* Solution:       solution1
* Product family: zynq
* Target device:  xc7z020-clg484-1


================================================================
== Performance Estimates
================================================================
+ Timing (ns): 
    * Summary: 
    +--------+-------+----------+------------+
    |  Clock | Target| Estimated| Uncertainty|
    +--------+-------+----------+------------+
    |ap_clk  |  10.00|     7.424|        1.25|
    +--------+-------+----------+------------+

+ Latency (clock cycles): 
    * Summary: 
    +---------+---------+---------+---------+---------+
    |      Latency      |      Interval     | Pipeline|
    |   min   |   max   |   min   |   max   |   Type  |
    +---------+---------+---------+---------+---------+
    |  1049089|  1049089|  1049089|  1049089|   none  |
    +---------+---------+---------+---------+---------+

    + Detail: 
        * Instance: 
        N/A

        * Loop: 
        +-------------+---------+---------+----------+-----------+-----------+------+----------+
        |             |      Latency      | Iteration|  Initiation Interval  | Trip |          |
        |  Loop Name  |   min   |   max   |  Latency |  achieved |   target  | Count| Pipelined|
        +-------------+---------+---------+----------+-----------+-----------+------+----------+
        |- Loop 1     |  1049088|  1049088|      4098|          -|          -|   256|    no    |
        | + Loop 1.1  |     4096|     4096|        16|          -|          -|   256|    no    |
        +-------------+---------+---------+----------+-----------+-----------+------+----------+



================================================================
== Utilization Estimates
================================================================
* Summary: 
+-----------------+---------+-------+--------+-------+-----+
|       Name      | BRAM_18K| DSP48E|   FF   |  LUT  | URAM|
+-----------------+---------+-------+--------+-------+-----+
|DSP              |        -|      -|       -|      -|    -|
|Expression       |        -|      0|       0|     97|    -|
|FIFO             |        -|      -|       -|      -|    -|
|Instance         |        -|     16|     982|   2064|    -|
|Memory           |        2|      -|       0|      0|    -|
|Multiplexer      |        -|      -|       -|    204|    -|
|Register         |        -|      -|     446|      -|    -|
+-----------------+---------+-------+--------+-------+-----+
|Total            |        2|     16|    1428|   2365|    0|
+-----------------+---------+-------+--------+-------+-----+
|Available        |      280|    220|  106400|  53200|    0|
+-----------------+---------+-------+--------+-------+-----+
|Utilization (%)  |    ~0   |      7|       1|      4|    0|
+-----------------+---------+-------+--------+-------+-----+

+ Detail: 
    * Instance: 
    +-------------------------+----------------------+---------+-------+-----+-----+-----+
    |         Instance        |        Module        | BRAM_18K| DSP48E|  FF | LUT | URAM|
    +-------------------------+----------------------+---------+-------+-----+-----+-----+
    |dft_fadd_32ns_32neOg_U2  |dft_fadd_32ns_32neOg  |        0|      2|  205|  390|    0|
    |dft_faddfsub_32nsdEe_U1  |dft_faddfsub_32nsdEe  |        0|      2|  205|  390|    0|
    |dft_fmul_32ns_32nfYi_U3  |dft_fmul_32ns_32nfYi  |        0|      3|  143|  321|    0|
    |dft_fmul_32ns_32nfYi_U4  |dft_fmul_32ns_32nfYi  |        0|      3|  143|  321|    0|
    |dft_fmul_32ns_32nfYi_U5  |dft_fmul_32ns_32nfYi  |        0|      3|  143|  321|    0|
    |dft_fmul_32ns_32nfYi_U6  |dft_fmul_32ns_32nfYi  |        0|      3|  143|  321|    0|
    +-------------------------+----------------------+---------+-------+-----+-----+-----+
    |Total                    |                      |        0|     16|  982| 2064|    0|
    +-------------------------+----------------------+---------+-------+-----+-----+-----+

    * DSP48E: 
    N/A

    * Memory: 
    +------------------------+----------------------+---------+---+----+-----+------+-----+------+-------------+
    |         Memory         |        Module        | BRAM_18K| FF| LUT| URAM| Words| Bits| Banks| W*Bits*Banks|
    +------------------------+----------------------+---------+---+----+-----+------+-----+------+-------------+
    |cos_coefficients_tab_U  |dft_cos_coefficiebkb  |        1|  0|   0|    0|   256|   32|     1|         8192|
    |sin_coefficients_tab_U  |dft_sin_coefficiecud  |        1|  0|   0|    0|   256|   32|     1|         8192|
    +------------------------+----------------------+---------+---+----+-----+------+-----+------+-------------+
    |Total                   |                      |        2|  0|   0|    0|   512|   64|     2|        16384|
    +------------------------+----------------------+---------+---+----+-----+------+-----+------+-------------+

    * FIFO: 
    N/A

    * Expression: 
    +---------------------+----------+-------+---+----+------------+------------+
    |    Variable Name    | Operation| DSP48E| FF| LUT| Bitwidth P0| Bitwidth P1|
    +---------------------+----------+-------+---+----+------------+------------+
    |index_fu_217_p2      |     *    |      0|  0|  41|           8|           8|
    |i_fu_195_p2          |     +    |      0|  0|  15|           1|           9|
    |j_fu_211_p2          |     +    |      0|  0|  15|           1|           9|
    |icmp_ln11_fu_189_p2  |   icmp   |      0|  0|  13|           9|          10|
    |icmp_ln15_fu_205_p2  |   icmp   |      0|  0|  13|           9|          10|
    +---------------------+----------+-------+---+----+------------+------------+
    |Total                |          |      0|  0|  97|          28|          46|
    +---------------------+----------+-------+---+----+------------+------------+

    * Multiplexer: 
    +-------------------+----+-----------+-----+-----------+
    |        Name       | LUT| Input Size| Bits| Total Bits|
    +-------------------+----+-----------+-----+-----------+
    |ap_NS_fsm          |  93|         19|    1|         19|
    |grp_fu_159_opcode  |  15|          3|    2|          6|
    |grp_fu_159_p0      |  15|          3|   32|         96|
    |grp_fu_159_p1      |  15|          3|   32|         96|
    |grp_fu_163_p0      |  15|          3|   32|         96|
    |grp_fu_163_p1      |  15|          3|   32|         96|
    |i_0_reg_110        |   9|          2|    9|         18|
    |j_0_reg_122        |   9|          2|    9|         18|
    |temp_i_0_reg_146   |   9|          2|   32|         64|
    |temp_r_0_reg_133   |   9|          2|   32|         64|
    +-------------------+----+-----------+-----+-----------+
    |Total              | 204|         42|  213|        573|
    +-------------------+----+-----------+-----+-----------+

    * Register: 
    +-----------------------------+----+----+-----+-----------+
    |             Name            | FF | LUT| Bits| Const Bits|
    +-----------------------------+----+----+-----+-----------+
    |ap_CS_fsm                    |  18|   0|   18|          0|
    |c_reg_281                    |  32|   0|   32|          0|
    |i_0_reg_110                  |   9|   0|    9|          0|
    |i_reg_248                    |   9|   0|    9|          0|
    |imag_sample_in_load_reg_299  |  32|   0|   32|          0|
    |j_0_reg_122                  |   9|   0|    9|          0|
    |j_reg_256                    |   9|   0|    9|          0|
    |real_sample_in_load_reg_293  |  32|   0|   32|          0|
    |s_reg_287                    |  32|   0|   32|          0|
    |temp_i_0_reg_146             |  32|   0|   32|          0|
    |temp_r_0_reg_133             |  32|   0|   32|          0|
    |tmp_1_reg_310                |  32|   0|   32|          0|
    |tmp_2_reg_325                |  32|   0|   32|          0|
    |tmp_4_reg_315                |  32|   0|   32|          0|
    |tmp_5_reg_320                |  32|   0|   32|          0|
    |tmp_6_reg_330                |  32|   0|   32|          0|
    |tmp_reg_305                  |  32|   0|   32|          0|
    |trunc_ln17_reg_240           |   8|   0|    8|          0|
    +-----------------------------+----+----+-----+-----------+
    |Total                        | 446|   0|  446|          0|
    +-----------------------------+----+----+-----+-----------+



================================================================
== Interface
================================================================
* Summary: 
+--------------------------+-----+-----+------------+-----------------+--------------+
|         RTL Ports        | Dir | Bits|  Protocol  |  Source Object  |    C Type    |
+--------------------------+-----+-----+------------+-----------------+--------------+
|ap_clk                    |  in |    1| ap_ctrl_hs |       dft       | return value |
|ap_rst                    |  in |    1| ap_ctrl_hs |       dft       | return value |
|ap_start                  |  in |    1| ap_ctrl_hs |       dft       | return value |
|ap_done                   | out |    1| ap_ctrl_hs |       dft       | return value |
|ap_idle                   | out |    1| ap_ctrl_hs |       dft       | return value |
|ap_ready                  | out |    1| ap_ctrl_hs |       dft       | return value |
|real_sample_in_address0   | out |    8|  ap_memory |  real_sample_in |     array    |
|real_sample_in_ce0        | out |    1|  ap_memory |  real_sample_in |     array    |
|real_sample_in_q0         |  in |   32|  ap_memory |  real_sample_in |     array    |
|imag_sample_in_address0   | out |    8|  ap_memory |  imag_sample_in |     array    |
|imag_sample_in_ce0        | out |    1|  ap_memory |  imag_sample_in |     array    |
|imag_sample_in_q0         |  in |   32|  ap_memory |  imag_sample_in |     array    |
|real_sample_out_address0  | out |    8|  ap_memory | real_sample_out |     array    |
|real_sample_out_ce0       | out |    1|  ap_memory | real_sample_out |     array    |
|real_sample_out_we0       | out |    1|  ap_memory | real_sample_out |     array    |
|real_sample_out_d0        | out |   32|  ap_memory | real_sample_out |     array    |
|imag_sample_out_address0  | out |    8|  ap_memory | imag_sample_out |     array    |
|imag_sample_out_ce0       | out |    1|  ap_memory | imag_sample_out |     array    |
|imag_sample_out_we0       | out |    1|  ap_memory | imag_sample_out |     array    |
|imag_sample_out_d0        | out |   32|  ap_memory | imag_sample_out |     array    |
+--------------------------+-----+-----+------------+-----------------+--------------+

