

================================================================
== Vivado HLS Report for 'fir'
================================================================
* Date:           Mon Jan 20 21:51:47 2020

* Version:        2019.1 (Build 2552052 on Fri May 24 15:28:33 MDT 2019)
* Project:        fir128_optimized5
* Solution:       solution1
* Product family: zynq
* Target device:  xc7z020-clg400-1


================================================================
== Performance Estimates
================================================================
+ Timing (ns): 
    * Summary: 
    +--------+-------+----------+------------+
    |  Clock | Target| Estimated| Uncertainty|
    +--------+-------+----------+------------+
    |ap_clk  |  10.00|     8.510|        1.25|
    +--------+-------+----------+------------+

+ Latency (clock cycles): 
    * Summary: 
    +-----+-----+-----+-----+---------+
    |  Latency  |  Interval | Pipeline|
    | min | max | min | max |   Type  |
    +-----+-----+-----+-----+---------+
    |  257|  641|  257|  641|   none  |
    +-----+-----+-----+-----+---------+

    + Detail: 
        * Instance: 
        N/A

        * Loop: 
        +--------------------+-----+-----+----------+-----------+-----------+------+----------+
        |                    |  Latency  | Iteration|  Initiation Interval  | Trip |          |
        |      Loop Name     | min | max |  Latency |  achieved |   target  | Count| Pipelined|
        +--------------------+-----+-----+----------+-----------+-----------+------+----------+
        |- SHIFT_ACCUM_LOOP  |  256|  640|   2 ~ 5  |          -|          -|   128|    no    |
        +--------------------+-----+-----+----------+-----------+-----------+------+----------+



================================================================
== Utilization Estimates
================================================================
* Summary: 
+-----------------+---------+-------+--------+-------+-----+
|       Name      | BRAM_18K| DSP48E|   FF   |  LUT  | URAM|
+-----------------+---------+-------+--------+-------+-----+
|DSP              |        -|      -|       -|      -|    -|
|Expression       |        -|      2|       0|    176|    -|
|FIFO             |        -|      -|       -|      -|    -|
|Instance         |        -|      -|       -|      -|    -|
|Memory           |        2|      -|      10|     10|    0|
|Multiplexer      |        -|      -|       -|    125|    -|
|Register         |        -|      -|     180|      -|    -|
+-----------------+---------+-------+--------+-------+-----+
|Total            |        2|      2|     190|    311|    0|
+-----------------+---------+-------+--------+-------+-----+
|Available        |      280|    220|  106400|  53200|    0|
+-----------------+---------+-------+--------+-------+-----+
|Utilization (%)  |    ~0   |   ~0  |   ~0   |   ~0  |    0|
+-----------------+---------+-------+--------+-------+-----+

+ Detail: 
    * Instance: 
    N/A

    * DSP48E: 
    N/A

    * Memory: 
    +---------------+-----------------+---------+---+----+-----+------+-----+------+-------------+
    |     Memory    |      Module     | BRAM_18K| FF| LUT| URAM| Words| Bits| Banks| W*Bits*Banks|
    +---------------+-----------------+---------+---+----+-----+------+-----+------+-------------+
    |c_0_U          |fir_c_0          |        0|  5|   5|    0|    64|    5|     1|          320|
    |c_1_U          |fir_c_1          |        0|  5|   5|    0|    64|    5|     1|          320|
    |shift_reg_0_U  |fir_shift_reg_0  |        1|  0|   0|    0|    64|   32|     1|         2048|
    |shift_reg_1_U  |fir_shift_reg_0  |        1|  0|   0|    0|    64|   32|     1|         2048|
    +---------------+-----------------+---------+---+----+-----+------+-----+------+-------------+
    |Total          |                 |        2| 10|  10|    0|   256|   74|     4|         4736|
    +---------------+-----------------+---------+---+----+-----+------+-----+------+-------------+

    * FIFO: 
    N/A

    * Expression: 
    +-------------------------+----------+-------+---+----+------------+------------+
    |      Variable Name      | Operation| DSP48E| FF| LUT| Bitwidth P0| Bitwidth P1|
    +-------------------------+----------+-------+---+----+------------+------------+
    |mul_ln34_fu_274_p2       |     *    |      2|  0|  20|          32|           5|
    |add_ln30_fu_186_p2       |     +    |      0|  0|  39|          32|          32|
    |add_ln33_fu_210_p2       |     +    |      0|  0|  15|           2|           7|
    |i_fu_285_p2              |     +    |      0|  0|  15|           8|           2|
    |sum_fu_279_p2            |     +    |      0|  0|  39|          32|          32|
    |icmp_ln29_fu_200_p2      |   icmp   |      0|  0|  11|           8|           1|
    |select_ln33_1_fu_264_p3  |  select  |      0|  0|   5|           1|           5|
    |select_ln33_fu_236_p3    |  select  |      0|  0|  32|           1|          32|
    +-------------------------+----------+-------+---+----+------------+------------+
    |Total                    |          |      2|  0| 176|         116|         116|
    +-------------------------+----------+-------+---+----+------------+------------+

    * Multiplexer: 
    +-------------------------------+----+-----------+-----+-----------+
    |              Name             | LUT| Input Size| Bits| Total Bits|
    +-------------------------------+----+-----------+-----+-----------+
    |ap_NS_fsm                      |  38|          7|    1|          7|
    |ap_phi_mux_p_pn_phi_fu_168_p4  |   9|          2|   32|         64|
    |i_0_reg_153                    |   9|          2|    8|         16|
    |p_pn_reg_165                   |   9|          2|   32|         64|
    |shift_reg_0_address0           |  21|          4|    6|         24|
    |shift_reg_0_d0                 |  15|          3|   32|         96|
    |shift_reg_1_address0           |  15|          3|    6|         18|
    |sum_0_reg_140                  |   9|          2|   32|         64|
    +-------------------------------+----+-----------+-----+-----------+
    |Total                          | 125|         25|  149|        353|
    +-------------------------------+----+-----------+-----+-----------+

    * Register: 
    +-----------------------+----+----+-----+-----------+
    |          Name         | FF | LUT| Bits| Const Bits|
    +-----------------------+----+----+-----+-----------+
    |add_ln30_reg_296       |  31|   0|   32|          1|
    |ap_CS_fsm              |   6|   0|    6|          0|
    |i_0_reg_153            |   8|   0|    8|          0|
    |icmp_ln29_reg_304      |   1|   0|    1|          0|
    |mul_ln34_reg_343       |  32|   0|   32|          0|
    |p_pn_reg_165           |  32|   0|   32|          0|
    |select_ln33_1_reg_338  |   5|   0|    5|          0|
    |select_ln33_reg_323    |  32|   0|   32|          0|
    |sum_0_reg_140          |  32|   0|   32|          0|
    |trunc_ln33_reg_318     |   1|   0|    1|          0|
    +-----------------------+----+----+-----+-----------+
    |Total                  | 180|   0|  181|          1|
    +-----------------------+----+----+-----+-----------+



================================================================
== Interface
================================================================
* Summary: 
+----------+-----+-----+------------+--------------+--------------+
| RTL Ports| Dir | Bits|  Protocol  | Source Object|    C Type    |
+----------+-----+-----+------------+--------------+--------------+
|ap_clk    |  in |    1| ap_ctrl_hs |      fir     | return value |
|ap_rst    |  in |    1| ap_ctrl_hs |      fir     | return value |
|ap_start  |  in |    1| ap_ctrl_hs |      fir     | return value |
|ap_done   | out |    1| ap_ctrl_hs |      fir     | return value |
|ap_idle   | out |    1| ap_ctrl_hs |      fir     | return value |
|ap_ready  | out |    1| ap_ctrl_hs |      fir     | return value |
|y         | out |   32|   ap_vld   |       y      |    pointer   |
|y_ap_vld  | out |    1|   ap_vld   |       y      |    pointer   |
|x         |  in |   32|   ap_none  |       x      |    scalar    |
+----------+-----+-----+------------+--------------+--------------+

